// Jest Snapshot v1, https://goo.gl/fbAQLP

exports[`renders ScreenMainBase story 1`] = `
<View
  style={
    [
      {
        "alignItems": "center",
        "flexBasis": 0,
        "flexGrow": 1,
        "flexShrink": 1,
        "justifyContent": "center",
      },
    ]
  }
>
  <Text
    style={
      [
        {},
      ]
    }
  >
    Hi!
  </Text>
</View>
`;
